upd    1/1907  step    524,288  SPS   91,411  ep_ret     58.0  ep_len   31.1  start_ang 0.03  rps 1.86  v_loss    0.42  EV +0.03  logstd -0.51
upd    5/1907  step  2,621,440  SPS  215,467  ep_ret     97.5  ep_len   47.0  start_ang 0.03  rps 2.07  v_loss    0.18  EV +0.93  logstd -0.56
upd   10/1907  step  5,242,880  SPS  264,247  ep_ret    121.4  ep_len   56.1  start_ang 0.03  rps 2.16  v_loss    0.13  EV +0.97  logstd -0.63
upd   15/1907  step  7,864,320  SPS  281,521  ep_ret    132.5  ep_len   60.2  start_ang 0.03  rps 2.20  v_loss    0.15  EV +0.97  logstd -0.69
upd   20/1907  step 10,485,760  SPS  284,747  ep_ret    144.9  ep_len   65.9  start_ang 0.03  rps 2.20  v_loss    0.15  EV +0.97  logstd -0.74
upd   25/1907  step 13,107,200  SPS  288,667  ep_ret    142.9  ep_len   66.0  start_ang 0.03  rps 2.17  v_loss    0.14  EV +0.98  logstd -0.77
upd   30/1907  step 15,728,640  SPS  292,434  ep_ret    149.4  ep_len   67.9  start_ang 0.03  rps 2.20  v_loss    0.13  EV +0.98  logstd -0.80
upd   35/1907  step 18,350,080  SPS  296,333  ep_ret    154.4  ep_len   70.3  start_ang 0.03  rps 2.20  v_loss    0.12  EV +0.98  logstd -0.84
upd   40/1907  step 20,971,520  SPS  298,533  ep_ret    158.9  ep_len   71.9  start_ang 0.03  rps 2.21  v_loss    0.11  EV +0.98  logstd -0.88
upd   45/1907  step 23,592,960  SPS  301,960  ep_ret    164.1  ep_len   74.2  start_ang 0.03  rps 2.21  v_loss    0.11  EV +0.98  logstd -0.93
upd   50/1907  step 26,214,400  SPS  305,529  ep_ret    167.2  ep_len   76.6  start_ang 0.03  rps 2.18  v_loss    0.09  EV +0.99  logstd -0.97
upd   55/1907  step 28,835,840  SPS  307,813  ep_ret    160.7  ep_len   72.3  start_ang 0.03  rps 2.22  v_loss    0.11  EV +0.98  logstd -1.00
upd   60/1907  step 31,457,280  SPS  309,095  ep_ret    168.7  ep_len   75.8  start_ang 0.03  rps 2.22  v_loss    0.11  EV +0.99  logstd -1.03
upd   65/1907  step 34,078,720  SPS  311,069  ep_ret    174.0  ep_len   78.8  start_ang 0.03  rps 2.21  v_loss    0.09  EV +0.99  logstd -1.07
upd   70/1907  step 36,700,160  SPS  314,032  ep_ret    173.2  ep_len   78.9  start_ang 0.03  rps 2.20  v_loss    0.09  EV +0.99  logstd -1.10
upd   75/1907  step 39,321,600  SPS  316,016  ep_ret    173.7  ep_len   75.8  start_ang 0.03  rps 2.29  v_loss    0.10  EV +0.99  logstd -1.14
upd   80/1907  step 41,943,040  SPS  316,847  ep_ret    177.7  ep_len   78.7  start_ang 0.03  rps 2.26  v_loss    0.09  EV +0.99  logstd -1.19
upd   85/1907  step 44,564,480  SPS  317,629  ep_ret    179.7  ep_len   79.6  start_ang 0.03  rps 2.26  v_loss    0.08  EV +0.99  logstd -1.22
upd   90/1907  step 47,185,920  SPS  318,820  ep_ret    183.0  ep_len   84.7  start_ang 0.03  rps 2.16  v_loss    0.07  EV +0.99  logstd -1.26
upd   95/1907  step 49,807,360  SPS  320,190  ep_ret    190.7  ep_len   83.9  start_ang 0.03  rps 2.27  v_loss    0.10  EV +0.99  logstd -1.29
upd  100/1907  step 52,428,800  SPS  320,692  ep_ret    177.1  ep_len   79.4  start_ang 0.03  rps 2.23  v_loss    0.09  EV +0.99  logstd -1.32
upd  105/1907  step 55,050,240  SPS  320,590  ep_ret    182.5  ep_len   84.1  start_ang 0.03  rps 2.17  v_loss    0.08  EV +0.99  logstd -1.34
upd  110/1907  step 57,671,680  SPS  321,240  ep_ret    189.5  ep_len   85.0  start_ang 0.03  rps 2.23  v_loss    0.07  EV +0.99  logstd -1.38
upd  115/1907  step 60,293,120  SPS  321,420  ep_ret    191.6  ep_len   83.9  start_ang 0.03  rps 2.28  v_loss    0.08  EV +0.99  logstd -1.41
upd  120/1907  step 62,914,560  SPS  321,667  ep_ret    191.5  ep_len   84.2  start_ang 0.03  rps 2.27  v_loss    0.07  EV +0.99  logstd -1.43
upd  125/1907  step 65,536,000  SPS  322,197  ep_ret    195.7  ep_len   87.0  start_ang 0.03  rps 2.25  v_loss    0.08  EV +0.99  logstd -1.46
upd  130/1907  step 68,157,440  SPS  322,845  ep_ret    193.4  ep_len   85.9  start_ang 0.03  rps 2.25  v_loss    0.08  EV +0.99  logstd -1.48
upd  135/1907  step 70,778,880  SPS  323,439  ep_ret    196.3  ep_len   85.8  start_ang 0.03  rps 2.29  v_loss    0.08  EV +0.99  logstd -1.50
upd  140/1907  step 73,400,320  SPS  323,842  ep_ret    198.0  ep_len   87.0  start_ang 0.03  rps 2.28  v_loss    0.08  EV +0.99  logstd -1.52
upd  145/1907  step 76,021,760  SPS  324,416  ep_ret    200.5  ep_len   88.4  start_ang 0.03  rps 2.27  v_loss    0.08  EV +0.99  logstd -1.55
upd  150/1907  step 78,643,200  SPS  325,035  ep_ret    198.7  ep_len   86.7  start_ang 0.03  rps 2.29  v_loss    0.08  EV +0.99  logstd -1.58
upd  155/1907  step 81,264,640  SPS  325,702  ep_ret    203.4  ep_len   88.1  start_ang 0.03  rps 2.31  v_loss    0.08  EV +0.99  logstd -1.60
upd  160/1907  step 83,886,080  SPS  326,007  ep_ret    204.6  ep_len   87.3  start_ang 0.03  rps 2.34  v_loss    0.08  EV +0.99  logstd -1.64
upd  165/1907  step 86,507,520  SPS  326,174  ep_ret    206.9  ep_len   89.5  start_ang 0.03  rps 2.31  v_loss    0.08  EV +0.99  logstd -1.66
upd  170/1907  step 89,128,960  SPS  325,995  ep_ret    210.7  ep_len   91.8  start_ang 0.03  rps 2.29  v_loss    0.07  EV +0.99  logstd -1.69
upd  175/1907  step 91,750,400  SPS  325,813  ep_ret    210.9  ep_len   90.7  start_ang 0.03  rps 2.33  v_loss    0.08  EV +0.99  logstd -1.71
upd  180/1907  step 94,371,840  SPS  326,004  ep_ret    211.8  ep_len   91.9  start_ang 0.03  rps 2.30  v_loss    0.08  EV +0.99  logstd -1.74
upd  185/1907  step 96,993,280  SPS  326,311  ep_ret    211.6  ep_len   90.4  start_ang 0.03  rps 2.34  v_loss    0.07  EV +0.99  logstd -1.76
upd  190/1907  step 99,614,720  SPS  326,636  ep_ret    210.4  ep_len   90.3  start_ang 0.03  rps 2.33  v_loss    0.07  EV +0.99  logstd -1.79
upd  195/1907  step 102,236,160  SPS  327,142  ep_ret    217.1  ep_len   92.2  start_ang 0.03  rps 2.35  v_loss    0.06  EV +0.99  logstd -1.81
